[16-Jan-2026 00:11:26 Europe/Istanbul] Gönderim hatası (testhakem@mbsadana.com): SMTP Error: The following recipients failed: testhakem@mbsadana.com: <testhakem@mbsadana.com>: Recipient address rejected: User unknown in virtual mailbox table

[16-Jan-2026 00:11:26 Europe/Istanbul] Gönderim hatası (testhakem1@mbsadana.com): SMTP Error: The following recipients failed: testhakem1@mbsadana.com: <testhakem1@mbsadana.com>: Recipient address rejected: User unknown in virtual mailbox table

[16-Jan-2026 00:11:26 Europe/Istanbul] Gönderim hatası (testhakem2@mbsadana.com): SMTP Error: The following recipients failed: testhakem2@mbsadana.com: <testhakem2@mbsadana.com>: Recipient address rejected: User unknown in virtual mailbox table

[16-Jan-2026 00:15:07 Europe/Istanbul] Gönderim hatası (testhakem@mbsadana.com): SMTP Error: The following recipients failed: testhakem@mbsadana.com: <testhakem@mbsadana.com>: Recipient address rejected: User unknown in virtual mailbox table

[16-Jan-2026 00:15:07 Europe/Istanbul] Gönderim hatası (testhakem1@mbsadana.com): SMTP Error: The following recipients failed: testhakem1@mbsadana.com: <testhakem1@mbsadana.com>: Recipient address rejected: User unknown in virtual mailbox table

[16-Jan-2026 00:15:07 Europe/Istanbul] Gönderim hatası (testhakem2@mbsadana.com): SMTP Error: The following recipients failed: testhakem2@mbsadana.com: <testhakem2@mbsadana.com>: Recipient address rejected: User unknown in virtual mailbox table

[16-Jan-2026 00:23:51 Europe/Istanbul] Gönderim hatası (testhakem@mbsadana.com): SMTP Error: The following recipients failed: testhakem@mbsadana.com: <testhakem@mbsadana.com>: Recipient address rejected: User unknown in virtual mailbox table

[16-Jan-2026 00:23:51 Europe/Istanbul] Gönderim hatası (testhakem1@mbsadana.com): SMTP Error: The following recipients failed: testhakem1@mbsadana.com: <testhakem1@mbsadana.com>: Recipient address rejected: User unknown in virtual mailbox table

[16-Jan-2026 00:23:51 Europe/Istanbul] Gönderim hatası (testhakem2@mbsadana.com): SMTP Error: The following recipients failed: testhakem2@mbsadana.com: <testhakem2@mbsadana.com>: Recipient address rejected: User unknown in virtual mailbox table

[16-Jan-2026 00:28:14 Europe/Istanbul] Gönderim hatası (emre4koc@gmail.com): SMTP Error: Could not connect to SMTP host. Failed to connect to server SMTP server error: Failed to connect to server SMTP code: 111 Additional SMTP info: Connection refused
[16-Jan-2026 00:29:22 Europe/Istanbul] Gönderim hatası (emre4koc@gmail.com): SMTP Error: Could not connect to SMTP host. Failed to connect to server SMTP server error: Failed to connect to server SMTP code: 111 Additional SMTP info: Connection refused
[16-Jan-2026 00:29:56 Europe/Istanbul] Gönderim hatası (testhakem@mbsadana.com): SMTP Error: Could not connect to SMTP host. Failed to connect to server SMTP server error: Failed to connect to server SMTP code: 111 Additional SMTP info: Connection refused
[16-Jan-2026 00:29:56 Europe/Istanbul] Gönderim hatası (testhakem1@mbsadana.com): SMTP Error: Could not connect to SMTP host. Failed to connect to server SMTP server error: Failed to connect to server SMTP code: 111 Additional SMTP info: Connection refused
[16-Jan-2026 00:29:56 Europe/Istanbul] Gönderim hatası (emre4koc@gmail.com): SMTP Error: Could not connect to SMTP host. Failed to connect to server SMTP server error: Failed to connect to server SMTP code: 111 Additional SMTP info: Connection refused
[16-Jan-2026 00:30:24 Europe/Istanbul] Gönderim hatası (testhakem@mbsadana.com): SMTP Error: Could not connect to SMTP host. Failed to connect to server SMTP server error: Failed to connect to server SMTP code: 111 Additional SMTP info: Connection refused
[16-Jan-2026 00:30:24 Europe/Istanbul] Gönderim hatası (testhakem1@mbsadana.com): SMTP Error: Could not connect to SMTP host. Failed to connect to server SMTP server error: Failed to connect to server SMTP code: 111 Additional SMTP info: Connection refused
[16-Jan-2026 00:30:24 Europe/Istanbul] Gönderim hatası (testhakem2@mbsadana.com): SMTP Error: Could not connect to SMTP host. Failed to connect to server SMTP server error: Failed to connect to server SMTP code: 111 Additional SMTP info: Connection refused
[16-Jan-2026 00:30:24 Europe/Istanbul] Gönderim hatası (emre4koc@gmail.com): SMTP Error: Could not connect to SMTP host. Failed to connect to server SMTP server error: Failed to connect to server SMTP code: 111 Additional SMTP info: Connection refused
[16-Jan-2026 00:31:12 Europe/Istanbul] Gönderim hatası (testhakem@mbsadana.com): SMTP Error: Could not connect to SMTP host. Failed to connect to server SMTP server error: Failed to connect to server SMTP code: 111 Additional SMTP info: Connection refused
[16-Jan-2026 00:31:12 Europe/Istanbul] Gönderim hatası (testhakem1@mbsadana.com): SMTP Error: Could not connect to SMTP host. Failed to connect to server SMTP server error: Failed to connect to server SMTP code: 111 Additional SMTP info: Connection refused
[16-Jan-2026 00:31:12 Europe/Istanbul] Gönderim hatası (testhakem2@mbsadana.com): SMTP Error: Could not connect to SMTP host. Failed to connect to server SMTP server error: Failed to connect to server SMTP code: 111 Additional SMTP info: Connection refused
[16-Jan-2026 00:31:12 Europe/Istanbul] Gönderim hatası (emre4koc@gmail.com): SMTP Error: Could not connect to SMTP host. Failed to connect to server SMTP server error: Failed to connect to server SMTP code: 111 Additional SMTP info: Connection refused
[16-Jan-2026 00:39:04 Europe/Istanbul] Gönderim hatası (testhakem@mbsadana.com): SMTP Error: Could not connect to SMTP host. Failed to connect to server SMTP server error: Failed to connect to server SMTP code: 111 Additional SMTP info: Connection refused
[16-Jan-2026 00:39:04 Europe/Istanbul] Gönderim hatası (emre4koc@gmail.com): SMTP Error: Could not connect to SMTP host. Failed to connect to server SMTP server error: Failed to connect to server SMTP code: 111 Additional SMTP info: Connection refused
[16-Jan-2026 00:43:23 Europe/Istanbul] Gönderim hatası (testhakem@mbsadana.com): SMTP Error: Could not connect to SMTP host. Failed to connect to server SMTP server error: Failed to connect to server SMTP code: 111 Additional SMTP info: Connection refused
[16-Jan-2026 00:43:23 Europe/Istanbul] Gönderim hatası (emre4koc@gmail.com): SMTP Error: Could not connect to SMTP host. Failed to connect to server SMTP server error: Failed to connect to server SMTP code: 111 Additional SMTP info: Connection refused
[16-Jan-2026 00:44:15 Europe/Istanbul] Gönderim hatası (testhakem@mbsadana.com): SMTP Error: Could not connect to SMTP host. Failed to connect to server SMTP server error: Failed to connect to server SMTP code: 111 Additional SMTP info: Connection refused
[16-Jan-2026 00:44:15 Europe/Istanbul] Gönderim hatası (emre4koc@gmail.com): SMTP Error: Could not connect to SMTP host. Failed to connect to server SMTP server error: Failed to connect to server SMTP code: 111 Additional SMTP info: Connection refused
[16-Jan-2026 00:44:45 Europe/Istanbul] Gönderim hatası (testhakem@mbsadana.com): SMTP Error: Could not connect to SMTP host. Failed to connect to server SMTP server error: Failed to connect to server Additional SMTP info: php_network_getaddresses: getaddrinfo for cloud.turkticaret.net failed: Name or service not known
[16-Jan-2026 00:44:45 Europe/Istanbul] Gönderim hatası (emre4koc@gmail.com): SMTP Error: Could not connect to SMTP host. Failed to connect to server SMTP server error: Failed to connect to server Additional SMTP info: php_network_getaddresses: getaddrinfo for cloud.turkticaret.net failed: Name or service not known
[16-Jan-2026 00:50:18 Europe/Istanbul] Gönderim hatası (testhakem@mbsadana.com): SMTP Error: Could not connect to SMTP host. Failed to connect to server SMTP server error: Failed to connect to server SMTP code: 111 Additional SMTP info: Connection refused
[16-Jan-2026 00:50:18 Europe/Istanbul] Gönderim hatası (emre4koc@gmail.com): SMTP Error: Could not connect to SMTP host. Failed to connect to server SMTP server error: Failed to connect to server SMTP code: 111 Additional SMTP info: Connection refused
[16-Jan-2026 00:51:04 Europe/Istanbul] Gönderim hatası (testhakem@mbsadana.com): SMTP Error: Could not connect to SMTP host. Failed to connect to server SMTP server error: Failed to connect to server SMTP code: 111 Additional SMTP info: Connection refused
[16-Jan-2026 00:51:04 Europe/Istanbul] Gönderim hatası (emre4koc@gmail.com): SMTP Error: Could not connect to SMTP host. Failed to connect to server SMTP server error: Failed to connect to server SMTP code: 111 Additional SMTP info: Connection refused
[16-Jan-2026 00:51:34 Europe/Istanbul] PHP Fatal error:  Uncaught Error: Attempt to assign property "SMTPDebug" on null in /var/www/vhosts/mbsadana.com/httpdocs/cron/hatirlatma_gonder.php:29
Stack trace:
#0 {main}
  thrown in /var/www/vhosts/mbsadana.com/httpdocs/cron/hatirlatma_gonder.php on line 29
[16-Jan-2026 00:52:22 Europe/Istanbul] Gönderim hatası (testhakem@mbsadana.com): SMTP Error: Could not connect to SMTP host. Failed to connect to server SMTP server error: Failed to connect to server SMTP code: 111 Additional SMTP info: Connection refused
[16-Jan-2026 00:52:22 Europe/Istanbul] Gönderim hatası (emre4koc@gmail.com): SMTP Error: Could not connect to SMTP host. Failed to connect to server SMTP server error: Failed to connect to server SMTP code: 111 Additional SMTP info: Connection refused
[16-Jan-2026 00:53:39 Europe/Istanbul] Gönderim hatası (testhakem@mbsadana.com): SMTP Error: Could not connect to SMTP host. Failed to connect to server SMTP server error: Failed to connect to server SMTP code: 111 Additional SMTP info: Connection refused
[16-Jan-2026 00:53:39 Europe/Istanbul] Gönderim hatası (emre4koc@gmail.com): SMTP Error: Could not connect to SMTP host. Failed to connect to server SMTP server error: Failed to connect to server SMTP code: 111 Additional SMTP info: Connection refused
[16-Jan-2026 00:57:42 Europe/Istanbul] Gönderim hatası (testhakem@mbsadana.com): SMTP Error: Could not connect to SMTP host. Failed to connect to server SMTP server error: Failed to connect to server SMTP code: 111 Additional SMTP info: Connection refused
[16-Jan-2026 00:57:42 Europe/Istanbul] Gönderim hatası (emre4koc@gmail.com): SMTP Error: Could not connect to SMTP host. Failed to connect to server SMTP server error: Failed to connect to server SMTP code: 111 Additional SMTP info: Connection refused
[16-Jan-2026 01:10:02 Europe/Istanbul] Gönderim hatası (testhakem@mbsadana.com): SMTP Error: Could not connect to SMTP host. Failed to connect to server SMTP server error: Failed to connect to server SMTP code: 111 Additional SMTP info: Connection refused
[16-Jan-2026 01:10:02 Europe/Istanbul] Gönderim hatası (emre4koc@gmail.com): SMTP Error: Could not connect to SMTP host. Failed to connect to server SMTP server error: Failed to connect to server SMTP code: 111 Additional SMTP info: Connection refused
[16-Jan-2026 18:58:43 Europe/Istanbul] Gönderim hatası (testhakem@mbsadana.com): SMTP Error: The following recipients failed: testhakem@mbsadana.com: <testhakem@mbsadana.com>: Recipient address rejected: User unknown in virtual mailbox table

[20-Jan-2026 17:10:12 Europe/Istanbul] Gönderim hatası (ahmetaskinerimtek@gmail.com): SMTP Error: Could not connect to SMTP host. Failed to connect to server SMTP server error: Failed to connect to server Additional SMTP info: php_network_getaddresses: getaddrinfo for smtp.turkticaret.net failed: Name or service not known
[20-Jan-2026 18:10:22 Europe/Istanbul] Gönderim hatası (ahmetaskinerimtek@gmail.com): SMTP Error: Could not connect to SMTP host. Failed to connect to server SMTP server error: Failed to connect to server Additional SMTP info: php_network_getaddresses: getaddrinfo for smtp.turkticaret.net failed: Name or service not known
[31-Jan-2026 13:01:01 UTC] PHP Warning:  session_start(): open(/var/lib/php/session/sess_un3e09gnl7ml3vcbju8pfh75f4, O_RDWR) failed: No space left on device (28) in /var/www/vhosts/mbsadana.com/httpdocs/config/db.php on line 28
[31-Jan-2026 13:01:01 UTC] PHP Warning:  [22-Feb-2026 18:01:01 Europe/Istanbul] Gönderim hatası (dogukanekkinci@gmail.com): SMTP Error: Could not connect to SMTP host. Failed to connect to server SMTP server error: Failed to connect to server SMTP code: 111 Additional SMTP info: Connection refused
[22-Feb-2026 18:01:01 Europe/Istanbul] Gönderim hatası (23@mbs.com): SMTP Error: Could not connect to SMTP host. Failed to connect to server SMTP server error: Failed to connect to server SMTP code: 111 Additional SMTP info: Connection refused
[22-Feb-2026 18:01:01 Europe/Istanbul] Gönderim hatası (dorukkarakosee@gmail.com): SMTP Error: Could not connect to SMTP host. Failed to connect to server SMTP server error: Failed to connect to server SMTP code: 111 Additional SMTP info: Connection refused
[22-Feb-2026 19:01:33 Europe/Istanbul] Gönderim hatası (dogukanekkinci@gmail.com): SMTP Error: Could not connect to SMTP host. Failed to connect to server SMTP server error: Failed to connect to server SMTP code: 111 Additional SMTP info: Connection refused
[22-Feb-2026 19:01:34 Europe/Istanbul] Gönderim hatası (23@mbs.com): SMTP Error: Could not connect to SMTP host. Failed to connect to server SMTP server error: Failed to connect to server SMTP code: 111 Additional SMTP info: Connection refused
[22-Feb-2026 19:01:35 Europe/Istanbul] Gönderim hatası (dorukkarakosee@gmail.com): SMTP Error: Could not connect to SMTP host. Failed to connect to server SMTP server error: Failed to connect to server SMTP code: 111 Additional SMTP info: Connection refused
[22-Feb-2026 19:01:36 Europe/Istanbul] Gönderim hatası (erayxozensoy@gmail.com): SMTP Error: Could not connect to SMTP host. Failed to connect to server SMTP server error: Failed to connect to server SMTP code: 111 Additional SMTP info: Connection refused
[22-Feb-2026 19:01:37 Europe/Istanbul] Gönderim hatası (btnr_omerfaruk@hotmail.com): SMTP Error: Could not connect to SMTP host. Failed to connect to server SMTP server error: Failed to connect to server SMTP code: 111 Additional SMTP info: Connection refused
[22-Feb-2026 19:01:38 Europe/Istanbul] Gönderim hatası (enesimalagoz@gmail.com): SMTP Error: Could not connect to SMTP host. Failed to connect to server SMTP server error: Failed to connect to server SMTP code: 111 Additional SMTP info: Connection refused
[23-Feb-2026 18:01:02 Europe/Istanbul] Gönderim hatası (44009@mbs.com): SMTP Error: Could not connect to SMTP host. Failed to connect to server SMTP server error: Failed to connect to server SMTP code: 111 Additional SMTP info: Connection refused
[23-Feb-2026 18:01:02 Europe/Istanbul] Gönderim hatası (btnr_omerfaruk@hotmail.com): SMTP Error: Could not connect to SMTP host. Failed to connect to server SMTP server error: Failed to connect to server SMTP code: 111 Additional SMTP info: Connection refused
[23-Feb-2026 18:01:02 Europe/Istanbul] Gönderim hatası (enesimalagoz@gmail.com): SMTP Error: Could not connect to SMTP host. Failed to connect to server SMTP server error: Failed to connect to server SMTP code: 111 Additional SMTP info: Connection refused
[23-Feb-2026 18:01:02 Europe/Istanbul] Gönderim hatası (alikizilca5501@gmail.com): SMTP Error: Could not connect to SMTP host. Failed to connect to server SMTP server error: Failed to connect to server SMTP code: 111 Additional SMTP info: Connection refused
[23-Feb-2026 18:01:02 Europe/Istanbul] Gönderim hatası (27@mbs.com): SMTP Error: Could not connect to SMTP host. Failed to connect to server SMTP server error: Failed to connect to server SMTP code: 111 Additional SMTP info: Connection refused
[23-Feb-2026 18:01:02 Europe/Istanbul] Gönderim hatası (rnkydl@gmail.com): SMTP Error: Could not connect to SMTP host. Failed to connect to server SMTP server error: Failed to connect to server SMTP code: 111 Additional SMTP info: Connection refused
[23-Feb-2026 18:01:03 Europe/Istanbul] Gönderim hatası (erayxozensoy@gmail.com): SMTP Error: Could not connect to SMTP host. Failed to connect to server SMTP server error: Failed to connect to server SMTP code: 111 Additional SMTP info: Connection refused
[23-Feb-2026 18:01:04 Europe/Istanbul] Gönderim hatası (memetcandemir471@gmail.com): SMTP Error: Could not connect to SMTP host. Failed to connect to server SMTP server error: Failed to connect to server SMTP code: 111 Additional SMTP info: Connection refused
[23-Feb-2026 18:01:05 Europe/Istanbul] Gönderim hatası (muhammedenes0113@gmail.com): SMTP Error: Could not connect to SMTP host. Failed to connect to server SMTP server error: Failed to connect to server SMTP code: 111 Additional SMTP info: Connection refused
[28-Feb-2026 11:01:05 Europe/Istanbul] Gönderim hatası (btnr_omerfaruk@hotmail.com): SMTP Error: The following recipients failed: btnr_omerfaruk@hotmail.com: <btnr_omerfaruk@hotmail.com>: Recipient address rejected: *** DIKKAT: 10 dakika icerisinde 25 e-posta gonderebilirsiniz. | *** ATTENTION: 25 e-mail messages allowed in 10 minutes period ***

[28-Feb-2026 11:01:05 Europe/Istanbul] Gönderim hatası (alikizilca5501@gmail.com): SMTP Error: The following recipients failed: alikizilca5501@gmail.com: <alikizilca5501@gmail.com>: Recipient address rejected: *** DIKKAT: 10 dakika icerisinde 25 e-posta gonderebilirsiniz. | *** ATTENTION: 25 e-mail messages allowed in 10 minutes period ***

[28-Feb-2026 11:01:06 Europe/Istanbul] Gönderim hatası (abdullah.adana@hotmail.com): SMTP Error: The following recipients failed: abdullah.adana@hotmail.com: <abdullah.adana@hotmail.com>: Recipient address rejected: *** DIKKAT: 10 dakika icerisinde 25 e-posta gonderebilirsiniz. | *** ATTENTION: 25 e-mail messages allowed in 10 minutes period ***

[28-Feb-2026 11:01:06 Europe/Istanbul] Gönderim hatası (omerraskarr@gmail.com): SMTP Error: The following recipients failed: omerraskarr@gmail.com: <omerraskarr@gmail.com>: Recipient address rejected: *** DIKKAT: 10 dakika icerisinde 25 e-posta gonderebilirsiniz. | *** ATTENTION: 25 e-mail messages allowed in 10 minutes period ***

[28-Feb-2026 11:01:06 Europe/Istanbul] Gönderim hatası (ysfcny12@gmail.com): SMTP Error: The following recipients failed: ysfcny12@gmail.com: <ysfcny12@gmail.com>: Recipient address rejected: *** DIKKAT: 10 dakika icerisinde 25 e-posta gonderebilirsiniz. | *** ATTENTION: 25 e-mail messages allowed in 10 minutes period ***

[28-Feb-2026 11:01:06 Europe/Istanbul] Gönderim hatası (ozgur.hakem@hotmail.com): SMTP Error: The following recipients failed: ozgur.hakem@hotmail.com: <ozgur.hakem@hotmail.com>: Recipient address rejected: *** DIKKAT: 10 dakika icerisinde 25 e-posta gonderebilirsiniz. | *** ATTENTION: 25 e-mail messages allowed in 10 minutes period ***

[28-Feb-2026 11:01:06 Europe/Istanbul] Gönderim hatası (giyastaskin2019@gmail.com): SMTP Error: The following recipients failed: giyastaskin2019@gmail.com: <giyastaskin2019@gmail.com>: Recipient address rejected: *** DIKKAT: 10 dakika icerisinde 25 e-posta gonderebilirsiniz. | *** ATTENTION: 25 e-mail messages allowed in 10 minutes period ***

[28-Feb-2026 11:01:56 Europe/Istanbul] Gönderim hatası (batuhan0106@outlook.com): SMTP Error: The following recipients failed: batuhan0106@outlook.com: <batuhan0106@outlook.com>: Recipient address rejected: *** DIKKAT: 10 dakika icerisinde 25 e-posta gonderebilirsiniz. | *** ATTENTION: 25 e-mail messages allowed in 10 minutes period ***
 SMTP server error: QUIT command failed
[28-Feb-2026 11:01:56 Europe/Istanbul] Gönderim hatası (muratsimsek154@gmail.com): SMTP Error: Could not connect to SMTP host. Failed to connect to server SMTP server error: Failed to connect to server SMTP code: 111 Additional SMTP info: Connection refused
[28-Feb-2026 11:01:56 Europe/Istanbul] Gönderim hatası (muratbaysal@hotmail.com): SMTP Error: Could not connect to SMTP host. Failed to connect to server SMTP server error: Failed to connect to server SMTP code: 111 Additional SMTP info: Connection refused
[28-Feb-2026 11:01:56 Europe/Istanbul] Gönderim hatası (bugraumut0101@gmail.com): SMTP Error: Could not connect to SMTP host. Failed to connect to server SMTP server error: Failed to connect to server SMTP code: 111 Additional SMTP info: Connection refused
[28-Feb-2026 11:01:56 Europe/Istanbul] Gönderim hatası (158@mbs.com): SMTP Error: Could not connect to SMTP host. Failed to connect to server SMTP server error: Failed to connect to server SMTP code: 111 Additional SMTP info: Connection refused
[28-Feb-2026 11:01:56 Europe/Istanbul] Gönderim hatası (ardadenizz0144@gmail.com): SMTP Error: Could not connect to SMTP host. Failed to connect to server SMTP server error: Failed to connect to server SMTP code: 111 Additional SMTP info: Connection refused
[28-Feb-2026 11:01:57 Europe/Istanbul] Gönderim hatası (ekers0801@gmail.com): SMTP Error: Could not connect to SMTP host. Failed to connect to server SMTP server error: Failed to connect to server SMTP code: 111 Additional SMTP info: Connection refused
[28-Feb-2026 11:01:58 Europe/Istanbul] Gönderim hatası (omersern12@gmail.com): SMTP Error: Could not connect to SMTP host. Failed to connect to server SMTP server error: Failed to connect to server SMTP code: 111 Additional SMTP info: Connection refused
[28-Feb-2026 11:01:59 Europe/Istanbul] Gönderim hatası (1905@mbs.com): SMTP Error: Could not connect to SMTP host. Failed to connect to server SMTP server error: Failed to connect to server SMTP code: 111 Additional SMTP info: Connection refused
[28-Feb-2026 12:01:02 Europe/Istanbul] Gönderim hatası (alskly09@gmail.com): SMTP Error: Could not connect to SMTP host. Failed to connect to server SMTP server error: Failed to connect to server SMTP code: 111 Additional SMTP info: Connection refused
[28-Feb-2026 12:01:02 Europe/Istanbul] Gönderim hatası (cerensabuncu456@gmail.com): SMTP Error: Could not connect to SMTP host. Failed to connect to server SMTP server error: Failed to connect to server SMTP code: 111 Additional SMTP info: Connection refused
[28-Feb-2026 12:01:02 Europe/Istanbul] Gönderim hatası (melihcavus@gmail.com): SMTP Error: Could not connect to SMTP host. Failed to connect to server SMTP server error: Failed to connect to server SMTP code: 111 Additional SMTP info: Connection refused
[28-Feb-2026 12:01:02 Europe/Istanbul] Gönderim hatası (btnr_omerfaruk@hotmail.com): SMTP Error: Could not connect to SMTP host. Failed to connect to server SMTP server error: Failed to connect to server SMTP code: 111 Additional SMTP info: Connection refused
[28-Feb-2026 12:01:02 Europe/Istanbul] Gönderim hatası (alikizilca5501@gmail.com): SMTP Error: Could not connect to SMTP host. Failed to connect to server SMTP server error: Failed to connect to server SMTP code: 111 Additional SMTP info: Connection refused
[28-Feb-2026 12:01:02 Europe/Istanbul] Gönderim hatası (abdullah.adana@hotmail.com): SMTP Error: Could not connect to SMTP host. Failed to connect to server SMTP server error: Failed to connect to server SMTP code: 111 Additional SMTP info: Connection refused
[28-Feb-2026 12:01:03 Europe/Istanbul] Gönderim hatası (omerraskarr@gmail.com): SMTP Error: Could not connect to SMTP host. Failed to connect to server SMTP server error: Failed to connect to server SMTP code: 111 Additional SMTP info: Connection refused
[28-Feb-2026 12:01:04 Europe/Istanbul] Gönderim hatası (ysfcny12@gmail.com): SMTP Error: Could not connect to SMTP host. Failed to connect to server SMTP server error: Failed to connect to server SMTP code: 111 Additional SMTP info: Connection refused
[28-Feb-2026 12:01:05 Europe/Istanbul] Gönderim hatası (ozgur.hakem@hotmail.com): SMTP Error: Could not connect to SMTP host. Failed to connect to server SMTP server error: Failed to connect to server SMTP code: 111 Additional SMTP info: Connection refused
[28-Mar-2026 20:01:02 UTC] PHP Warning:  session_start(): open(/var/lib/php/session/sess_chrf7ckp94prjgkilo6tojjbbr, O_RDWR) failed: No space left on device (28) in /var/www/vhosts/mbsadana.com/httpdocs/config/db.php on line 28
[28-Mar-2026 20:01:02 UTC] PHP Warning:  session_start(): Failed to read session data: files (path: /var/lib/php/session) in /var/www/vhosts/mbsadana.com/httpdocs/config/db.php on line 28
[06-Apr-2026 18:01:02 Europe/Istanbul] Gönderim hatası (omerraskarr@gmail.com): SMTP Error: Could not connect to SMTP host. Failed to connect to server SMTP server error: Failed to connect to server SMTP code: 111 Additional SMTP info: Connection refused
[06-Apr-2026 18:01:02 Europe/Istanbul] Gönderim hatası (ozgetatlidede01@gmail.com): SMTP Error: Could not connect to SMTP host. Failed to connect to server SMTP server error: Failed to connect to server SMTP code: 111 Additional SMTP info: Connection refused
[06-Apr-2026 18:01:02 Europe/Istanbul] Gönderim hatası (72@mbs.com): SMTP Error: Could not connect to SMTP host. Failed to connect to server SMTP server error: Failed to connect to server SMTP code: 111 Additional SMTP info: Connection refused
[06-Apr-2026 18:01:02 Europe/Istanbul] Gönderim hatası (berkayuygungul@gmail.com): SMTP Error: Could not connect to SMTP host. Failed to connect to server SMTP server error: Failed to connect to server SMTP code: 111 Additional SMTP info: Connection refused
[06-Apr-2026 18:01:02 Europe/Istanbul] Gönderim hatası (rnkydl@gmail.com): SMTP Error: Could not connect to SMTP host. Failed to connect to server SMTP server error: Failed to connect to server SMTP code: 111 Additional SMTP info: Connection refused
[06-Apr-2026 18:01:02 Europe/Istanbul] Gönderim hatası (tuanatapan@icloud.com): SMTP Error: Could not connect to SMTP host. Failed to connect to server SMTP server error: Failed to connect to server SMTP code: 111 Additional SMTP info: Connection refused
[25-Apr-2026 19:01:02 Europe/Istanbul] Gönderim hatası (pdribrahimkilic@gmail.com): SMTP Error: Could not connect to SMTP host. Failed to connect to server SMTP server error: Failed to connect to server SMTP code: 111 Additional SMTP info: Connection refused
[25-Apr-2026 19:01:02 Europe/Istanbul] Gönderim hatası (memetcandemir471@gmail.com): SMTP Error: Could not connect to SMTP host. Failed to connect to server SMTP server error: Failed to connect to server SMTP code: 111 Additional SMTP info: Connection refused
[25-Apr-2026 19:01:02 Europe/Istanbul] Gönderim hatası (muhammedenes0113@gmail.com): SMTP Error: Could not connect to SMTP host. Failed to connect to server SMTP server error: Failed to connect to server SMTP code: 111 Additional SMTP info: Connection refused
[26-Apr-2026 12:01:03 Europe/Istanbul] Gönderim hatası (testhakem@mbsadana.com): SMTP Error: The following recipients failed: testhakem@mbsadana.com: <testhakem@mbsadana.com>: Recipient address rejected: User unknown in virtual mailbox table

[26-Apr-2026 12:01:03 Europe/Istanbul] Gönderim hatası (testhakem1@mbsadana.com): SMTP Error: The following recipients failed: testhakem1@mbsadana.com: <testhakem1@mbsadana.com>: Recipient address rejected: User unknown in virtual mailbox table

[26-Apr-2026 12:01:03 Europe/Istanbul] Gönderim hatası (testhakem2@mbsadana.com): SMTP Error: The following recipients failed: testhakem2@mbsadana.com: <testhakem2@mbsadana.com>: Recipient address rejected: User unknown in virtual mailbox table

[26-Apr-2026 12:01:03 Europe/Istanbul] Gönderim hatası (testgozlemci@mbsadana.com): SMTP Error: The following recipients failed: testgozlemci@mbsadana.com: <testgozlemci@mbsadana.com>: Recipient address rejected: User unknown in virtual mailbox table

[26-Apr-2026 13:01:02 Europe/Istanbul] Gönderim hatası (testhakem@mbsadana.com): SMTP Error: The following recipients failed: testhakem@mbsadana.com: <testhakem@mbsadana.com>: Recipient address rejected: User unknown in virtual mailbox table

[26-Apr-2026 13:01:02 Europe/Istanbul] Gönderim hatası (testhakem1@mbsadana.com): SMTP Error: The following recipients failed: testhakem1@mbsadana.com: <testhakem1@mbsadana.com>: Recipient address rejected: User unknown in virtual mailbox table

[26-Apr-2026 13:01:02 Europe/Istanbul] Gönderim hatası (testhakem2@mbsadana.com): SMTP Error: The following recipients failed: testhakem2@mbsadana.com: <testhakem2@mbsadana.com>: Recipient address rejected: User unknown in virtual mailbox table

[26-Apr-2026 13:01:02 Europe/Istanbul] Gönderim hatası (testgozlemci@mbsadana.com): SMTP Error: The following recipients failed: testgozlemci@mbsadana.com: <testgozlemci@mbsadana.com>: Recipient address rejected: User unknown in virtual mailbox table

[26-Apr-2026 14:01:04 Europe/Istanbul] Gönderim hatası (testhakem@mbsadana.com): SMTP Error: The following recipients failed: testhakem@mbsadana.com: <testhakem@mbsadana.com>: Recipient address rejected: User unknown in virtual mailbox table

[26-Apr-2026 14:01:04 Europe/Istanbul] Gönderim hatası (testhakem1@mbsadana.com): SMTP Error: The following recipients failed: testhakem1@mbsadana.com: <testhakem1@mbsadana.com>: Recipient address rejected: User unknown in virtual mailbox table

[26-Apr-2026 14:01:04 Europe/Istanbul] Gönderim hatası (testhakem2@mbsadana.com): SMTP Error: The following recipients failed: testhakem2@mbsadana.com: <testhakem2@mbsadana.com>: Recipient address rejected: User unknown in virtual mailbox table

[26-Apr-2026 14:01:04 Europe/Istanbul] Gönderim hatası (testgozlemci@mbsadana.com): SMTP Error: The following recipients failed: testgozlemci@mbsadana.com: <testgozlemci@mbsadana.com>: Recipient address rejected: User unknown in virtual mailbox table

[07-May-2026 16:01:02 UTC] PHP Warning:  session_start(): open(/var/lib/php/session/sess_b5vtv9kj15a0rjse6vpdue1e3p, O_RDWR) failed: No space left on device (28) in /var/www/vhosts/mbsadana.com/httpdocs/config/db.php on line 28
[07-May-2026 16:01:02 UTC] PHP Warning:  session_start(): Failed to read session data: files (path: /var/lib/php/session) in /var/www/vhosts/mbsadana.com/httpdocs/config/db.php on line 28
[02-Jun-2026 17:01:16 Europe/Istanbul] Gönderim hatası (49972@mbs.com): SMTP Error: Could not connect to SMTP host. Failed to connect to server SMTP server error: Failed to connect to server Additional SMTP info: php_network_getaddresses: getaddrinfo for smtp.turkticaret.net failed: Name or service not known
